1 初始化
git init
2 添加 git add filename
3 提交 git commit -m "XXXX"
4 查看状态 git status
5 查看日志 git log
6 查看之前操作 git reflog
7 回退版本
git reset --hard HEAD^ /HEAD^^...HEAD~100
git reset --hard commit_id
8 撤销修改
丢弃工作区的修改 git checkout -- readme.txt  或者 git restore readme.txt
把暂存区的修改撤销掉 git reset HEAD <file>
9 删除文件
rm file
git rm file
git commit -m "remove file"
远程仓库

git pull --rebase origin master
'error: failed to push some refs to 'git@github.com:hellozhaohao/git-store.git'
添加：
git remote add origin git@github.com:hellozhaohao/git-store.git

删除：
git remote remove origin

本地库的所有内容推送到远程库上：
git push -u origin master
$ git push origin master
远程克隆
$git clone git@github.com:hellozhaohao/gitskills.git

分支管理
创建与合并分支：
$ git checkout -b dev
查看当前分支：
$ git branch
把dev分支的工作成果合并到master分支上：
$ git merge dev
合并完成后，就可以放心地删除dev分支了:
$ git branch -d dev
创建并切换到新的dev分支，可以使用：
$ git switch -c dev
