1 初始化
git init
2 添加 git add filename
3 提交 git commit -m "XXXX"
4 查看状态 git status
5 查看日志 git log
6 查看之前操作 git reflog
7 回退版本
git reset --hard HEAD^ /HEAD^^...HEAD~100
git reset --hard commit_id
8 撤销修改
丢弃工作区的修改 git checkout -- readme.txt  或者 git restore readme.txt
把暂存区的修改撤销掉 git reset HEAD <file>
9 删除文件
rm file
git rm file
git commit -m "remove file"
远程仓库

git pull --rebase origin master
'error: failed to push some refs to 'git@github.com:hellozhaohao/git-store.git'
添加：
git remote add origin git@github.com:hellozhaohao/git-store.git

删除：
git remote remove origin

本地库的所有内容推送到远程库上：
git push -u origin master
$ git push origin master
远程克隆
$git clone git@github.com:hellozhaohao/gitskills.git

分支管理
创建与合并分支：
$ git checkout -b dev
查看当前分支：
$ git branch
把dev分支的工作成果合并到master分支上：
$ git merge dev
合并完成后，就可以放心地删除dev分支了:
$ git branch -d dev
创建并切换到新的dev分支，可以使用：
$ git switch -c dev
解决冲突
当Git无法自动合并分支时，就必须首先解决冲突。解决冲突后，再提交，合并完成。
解决冲突就是把Git合并失败的文件手动编辑为我们希望的内容，再提交。
用git log --graph命令可以看到分支合并图。

用带参数的git log也可以看到分支的合并情况：
$ git log --graph --pretty=oneline --abbrev-commit

分支管理策略

准备合并dev分支，请注意--no-ff参数，表示禁用Fast forward：
$ git merge --no-ff -m "merge with no-ff" dev
因为本次合并要创建一个新的commit，所以加上-m参数，把commit描述写进去。
合并后，我们用git log看看分支历史：
$ git log --graph --pretty=oneline --abbrev-commit

bug分支管理
$ git status
$ git stash list
工作现场还在，Git把stash内容存在某个地方了，但是需要恢复一下，有两个办法：
一是用git stash apply恢复，但是恢复后，stash内容并不删除，你需要用git stash drop来删除；
另一种方式是用git stash pop，恢复的同时把stash内容也删了：